h:\gameengine\knightengine\knightengine\x64\debug\vc143.pdb
h:\gameengine\knightengine\knightengine\x64\debug\vc143.idb
h:\gameengine\knightengine\knightengine\x64\debug\knightengine.obj
h:\gameengine\knightengine\knightengine\x64\debug\imgui.obj
h:\gameengine\knightengine\knightengine\x64\debug\imgui_impl_sdl3.obj
h:\gameengine\knightengine\knightengine\x64\debug\imgui_impl_opengl3.obj
h:\gameengine\knightengine\knightengine\x64\debug\imgui_impl_win32.obj
h:\gameengine\knightengine\knightengine\x64\debug\imgui_impl_sdlrenderer3.obj
h:\gameengine\knightengine\knightengine\x64\debug\imgui_impl_sdlgpu3.obj
h:\gameengine\knightengine\knightengine\x64\debug\imgui_impl_opengl2.obj
h:\gameengine\knightengine\knightengine\x64\debug\imgui_impl_dx9.obj
h:\gameengine\knightengine\knightengine\x64\debug\imgui_impl_dx12.obj
h:\gameengine\knightengine\knightengine\x64\debug\imgui_impl_dx11.obj
h:\gameengine\knightengine\knightengine\x64\debug\imgui_impl_dx10.obj
h:\gameengine\knightengine\knightengine\x64\debug\imgui_demo.obj
h:\gameengine\knightengine\knightengine\x64\debug\main.obj
h:\gameengine\knightengine\knightengine\x64\debug\binary_to_compressed_c.obj
h:\gameengine\knightengine\knightengine\x64\debug\imgui_stdlib.obj
h:\gameengine\knightengine\knightengine\x64\debug\imgui_widgets.obj
h:\gameengine\knightengine\knightengine\x64\debug\imgui_tables.obj
h:\gameengine\knightengine\knightengine\x64\debug\imgui_draw.obj
h:\gameengine\knightengine\x64\debug\knightengine.pdb
h:\gameengine\knightengine\knightengine\x64\debug\knightengine.tlog\cl.command.1.tlog
h:\gameengine\knightengine\knightengine\x64\debug\knightengine.tlog\cl.read.1.tlog
h:\gameengine\knightengine\knightengine\x64\debug\knightengine.tlog\cl.write.1.tlog
h:\gameengine\knightengine\knightengine\x64\debug\knightengine.tlog\link-cvtres.read.1.tlog
h:\gameengine\knightengine\knightengine\x64\debug\knightengine.tlog\link-cvtres.write.1.tlog
h:\gameengine\knightengine\knightengine\x64\debug\knightengine.tlog\link-rc.read.1.tlog
h:\gameengine\knightengine\knightengine\x64\debug\knightengine.tlog\link-rc.write.1.tlog
h:\gameengine\knightengine\knightengine\x64\debug\knightengine.tlog\link.command.1.tlog
h:\gameengine\knightengine\knightengine\x64\debug\knightengine.tlog\link.read.1.tlog
h:\gameengine\knightengine\knightengine\x64\debug\knightengine.tlog\link.read.2.tlog
h:\gameengine\knightengine\knightengine\x64\debug\knightengine.tlog\link.read.3.tlog
h:\gameengine\knightengine\knightengine\x64\debug\knightengine.tlog\link.read.4.tlog
h:\gameengine\knightengine\knightengine\x64\debug\knightengine.tlog\link.read.5.tlog
h:\gameengine\knightengine\knightengine\x64\debug\knightengine.tlog\link.write.1.tlog
